# Kosh

Maschine braucht einen reboot!  Snief!

```
kosh:~# uptime  
 10:37:39 up 1207 days,  9:11,  2 users,  load average: 0.63, 0.46, 0.98
```

Hoffe nur, Kosh kommt wieder hoch.  Er ist ja immerhin über 15 Jahre alt:

```
kosh:~# free
             total       used       free     shared    buffers     cached
Mem:        514208     379924     134284      12748      40088     240076
-/+ buffers/cache:      99760     414448
Swap:      5857276      34008    5823268

kosh:~# cat /proc/cpuinfo 
processor	: 0
vendor_id	: GenuineIntel
cpu family	: 6
model		: 9
model name	: Intel(R) Pentium(R) M processor 1500MHz
stepping	: 5
microcode	: 0x5
cpu MHz		: 1500.000
cache size	: 1024 KB
fdiv_bug	: no
hlt_bug		: no
f00f_bug	: no
coma_bug	: no
fpu		: yes
fpu_exception	: yes
cpuid level	: 2
wp		: yes
flags		: fpu vme de pse tsc msr mce cx8 sep mtrr pge mca cmov clflush dts acpi mmx fxsr sse sse2 tm pbe bts est tm2
bogomips	: 2992.44
clflush size	: 64
cache_alignment	: 64
address sizes	: 32 bits physical, 32 bits virtual
power management:
```

> Eine andere über 20 Jahre alte Maschine (scylla) hat mich leider gerade verlassen:
> Wenn ich sie einschalte piepst sie nur noch 3 Mal.

Die Platte (ATA ohne S) sieht aber noch recht gut aus (ich glaube es ist die 3. Ersatzplatte):

```
smartctl 6.4 2014-10-07 r4002 [i686-linux-3.2.0-4-486] (local build)
Copyright (C) 2002-14, Bruce Allen, Christian Franke, www.smartmontools.org

=== START OF INFORMATION SECTION ===
Model Family:     Toshiba 2.5" HDD (80 GB and above)
Device Model:     TOSHIBA MK8032GAX
Serial Number:    463Q5499S
Firmware Version: AD001A
User Capacity:    80,026,361,856 bytes [80.0 GB]
Sector Size:      512 bytes logical/physical
Device is:        In smartctl database [for details use: -P show]
ATA Version is:   ATA/ATAPI-6 (minor revision not indicated)
Local Time is:    Sun Jun  9 10:43:30 2019 CEST
SMART support is: Available - device has SMART capability.
SMART support is: Enabled

=== START OF READ SMART DATA SECTION ===
SMART overall-health self-assessment test result: PASSED

General SMART Values:
Offline data collection status:  (0x00)	Offline data collection activity
					was never started.
					Auto Offline Data Collection: Disabled.
Self-test execution status:      (   0)	The previous self-test routine completed
					without error or no self-test has ever 
					been run.
Total time to complete Offline 
data collection: 		(  331) seconds.
Offline data collection
capabilities: 			 (0x5b) SMART execute Offline immediate.
					Auto Offline data collection on/off support.
					Suspend Offline collection upon new
					command.
					Offline surface scan supported.
					Self-test supported.
					No Conveyance Self-test supported.
					Selective Self-test supported.
SMART capabilities:            (0x0003)	Saves SMART data before entering
					power-saving mode.
					Supports SMART auto save timer.
Error logging capability:        (0x01)	Error logging supported.
					General Purpose Logging supported.
Short self-test routine 
recommended polling time: 	 (   2) minutes.
Extended self-test routine
recommended polling time: 	 (  65) minutes.

SMART Attributes Data Structure revision number: 16
Vendor Specific SMART Attributes with Thresholds:
ID# ATTRIBUTE_NAME          FLAG     VALUE WORST THRESH TYPE      UPDATED  WHEN_FAILED RAW_VALUE
  1 Raw_Read_Error_Rate     0x000b   100   100   050    Pre-fail  Always       -       0
  2 Throughput_Performance  0x0005   100   100   050    Pre-fail  Offline      -       0
  3 Spin_Up_Time            0x0027   100   100   001    Pre-fail  Always       -       1678
  4 Start_Stop_Count        0x0032   100   100   000    Old_age   Always       -       107
  5 Reallocated_Sector_Ct   0x0033   100   100   050    Pre-fail  Always       -       0
  7 Seek_Error_Rate         0x000b   100   100   050    Pre-fail  Always       -       0
  8 Seek_Time_Performance   0x0005   100   100   050    Pre-fail  Offline      -       0
  9 Power_On_Hours          0x0032   001   001   000    Old_age   Always       -       86554
 10 Spin_Retry_Count        0x0033   102   100   030    Pre-fail  Always       -       0
 12 Power_Cycle_Count       0x0032   100   100   000    Old_age   Always       -       107
192 Power-Off_Retract_Count 0x0032   100   100   000    Old_age   Always       -       23
193 Load_Cycle_Count        0x0032   001   001   000    Old_age   Always       -       1968901
194 Temperature_Celsius     0x0022   100   100   000    Old_age   Always       -       41 (Min/Max 15/48)
196 Reallocated_Event_Count 0x0032   100   100   000    Old_age   Always       -       0
197 Current_Pending_Sector  0x0032   100   100   000    Old_age   Always       -       0
198 Offline_Uncorrectable   0x0030   100   100   000    Old_age   Offline      -       0
199 UDMA_CRC_Error_Count    0x0032   200   200   000    Old_age   Always       -       25
220 Disk_Shift              0x0002   100   100   000    Old_age   Always       -       8308
222 Loaded_Hours            0x0032   001   001   000    Old_age   Always       -       80177
223 Load_Retry_Count        0x0032   100   100   000    Old_age   Always       -       0
224 Load_Friction           0x0022   100   100   000    Old_age   Always       -       0
226 Load-in_Time            0x0026   100   100   000    Old_age   Always       -       360
240 Head_Flying_Hours       0x0001   100   100   001    Pre-fail  Offline      -       0

SMART Error Log Version: 1
ATA Error Count: 25 (device log contains only the most recent five errors)
	CR = Command Register [HEX]
	FR = Features Register [HEX]
	SC = Sector Count Register [HEX]
	SN = Sector Number Register [HEX]
	CL = Cylinder Low Register [HEX]
	CH = Cylinder High Register [HEX]
	DH = Device/Head Register [HEX]
	DC = Device Command Register [HEX]
	ER = Error register [HEX]
	ST = Status register [HEX]
Powered_Up_Time is measured from power on, and printed as
DDd+hh:mm:SS.sss where DD=days, hh=hours, mm=minutes,
SS=sec, and sss=millisec. It "wraps" after 49.710 days.

Error 25 occurred at disk power-on lifetime: 150 hours (6 days + 6 hours)
  When the command that caused the error occurred, the device was active or idle.

  After command completion occurred, registers were:
  ER ST SC SN CL CH DH
  -- -- -- -- -- -- --
  84 51 01 31 3c b9 e5  Error: ICRC, ABRT 1 sectors at LBA = 0x05b93c31 = 96025649

  Commands leading to the command that caused the error were:
  CR FR SC SN CL CH DH DC   Powered_Up_Time  Command/Feature_Name
  -- -- -- -- -- -- -- --  ----------------  --------------------
  25 03 40 70 3a b9 e0 00      04:04:57.731  READ DMA EXT
  25 03 08 68 3a b9 e0 00      04:04:57.728  READ DMA EXT
  25 03 40 28 3a b9 e0 00      04:04:57.724  READ DMA EXT
  25 03 40 e8 39 b9 e0 00      04:04:57.720  READ DMA EXT
  25 03 40 a8 39 b9 e0 00      04:04:57.716  READ DMA EXT

Error 24 occurred at disk power-on lifetime: 149 hours (6 days + 5 hours)
  When the command that caused the error occurred, the device was active or idle.

  After command completion occurred, registers were:
  ER ST SC SN CL CH DH
  -- -- -- -- -- -- --
  84 51 01 a8 a4 7b e2  Error: ICRC, ABRT 1 sectors at LBA = 0x027ba4a8 = 41657512

  Commands leading to the command that caused the error were:
  CR FR SC SN CL CH DH DC   Powered_Up_Time  Command/Feature_Name
  -- -- -- -- -- -- -- --  ----------------  --------------------
  25 03 40 28 a3 7b e0 00      03:25:30.549  READ DMA EXT
  25 03 40 e8 a2 7b e0 00      03:25:30.548  READ DMA EXT
  25 03 40 a8 a2 7b e0 00      03:25:30.546  READ DMA EXT
  25 03 08 a0 a2 7b e0 00      03:25:30.544  READ DMA EXT
  25 03 40 60 a2 7b e0 00      03:25:30.543  READ DMA EXT

Error 23 occurred at disk power-on lifetime: 149 hours (6 days + 5 hours)
  When the command that caused the error occurred, the device was active or idle.

  After command completion occurred, registers were:
  ER ST SC SN CL CH DH
  -- -- -- -- -- -- --
  84 51 01 40 6c 0d e2  Error: ICRC, ABRT 1 sectors at LBA = 0x020d6c40 = 34434112

  Commands leading to the command that caused the error were:
  CR FR SC SN CL CH DH DC   Powered_Up_Time  Command/Feature_Name
  -- -- -- -- -- -- -- --  ----------------  --------------------
  25 03 40 08 6b 0d e0 00      03:20:23.243  READ DMA EXT
  25 03 08 00 6b 0d e0 00      03:20:23.240  READ DMA EXT
  25 03 40 c0 6a 0d e0 00      03:20:23.237  READ DMA EXT
  25 03 40 80 6a 0d e0 00      03:20:23.236  READ DMA EXT
  25 03 40 40 6a 0d e0 00      03:20:23.234  READ DMA EXT

Error 22 occurred at disk power-on lifetime: 149 hours (6 days + 5 hours)
  When the command that caused the error occurred, the device was active or idle.

  After command completion occurred, registers were:
  ER ST SC SN CL CH DH
  -- -- -- -- -- -- --
  84 51 01 a5 5f 99 e0  Error: ICRC, ABRT 1 sectors at LBA = 0x00995fa5 = 10051493

  Commands leading to the command that caused the error were:
  CR FR SC SN CL CH DH DC   Powered_Up_Time  Command/Feature_Name
  -- -- -- -- -- -- -- --  ----------------  --------------------
  25 03 40 b8 5d 99 e0 00      03:02:32.271  READ DMA EXT
  25 03 08 b0 5d 99 e0 00      03:02:32.269  READ DMA EXT
  25 03 40 70 5d 99 e0 00      03:02:32.263  READ DMA EXT
  25 03 40 30 5d 99 e0 00      03:02:32.258  READ DMA EXT
  25 03 40 f0 5c 99 e0 00      03:02:32.254  READ DMA EXT

Error 21 occurred at disk power-on lifetime: 144 hours (6 days + 0 hours)
  When the command that caused the error occurred, the device was active or idle.

  After command completion occurred, registers were:
  ER ST SC SN CL CH DH
  -- -- -- -- -- -- --
  84 51 01 fe e9 64 e2  Error: ICRC, ABRT 1 sectors at LBA = 0x0264e9fe = 40167934

  Commands leading to the command that caused the error were:
  CR FR SC SN CL CH DH DC   Powered_Up_Time  Command/Feature_Name
  -- -- -- -- -- -- -- --  ----------------  --------------------
  25 03 40 e5 e8 64 e0 00      02:41:44.140  READ DMA EXT
  25 03 40 a5 e8 64 e0 00      02:41:44.138  READ DMA EXT
  25 03 40 65 e8 64 e0 00      02:41:44.136  READ DMA EXT
  25 03 40 25 e8 64 e0 00      02:41:44.135  READ DMA EXT
  25 03 40 e5 e7 64 e0 00      02:41:44.133  READ DMA EXT

SMART Self-test log structure revision number 1
No self-tests have been logged.  [To run self-tests, use: smartctl -t]

SMART Selective self-test log data structure revision number 1
 SPAN  MIN_LBA  MAX_LBA  CURRENT_TEST_STATUS
    1        0        0  Not_testing
    2        0        0  Not_testing
    3        0        0  Not_testing
    4        0        0  Not_testing
    5        0        0  Not_testing
Selective self-test flags (0x0):
  After scanning selected spans, do NOT read-scan remainder of disk.
If Selective self-test is pending on power-up, resume after 0 minute delay.
```
